// Jest Snapshot v1, https://goo.gl/fbAQLP

exports[`SearchBar component should render properly 1`] = `
<div
  className="input-group"
>
  <div
    className="input-group-prepend clickable"
  >
    <span
      className="input-group-text"
    >
      <Icon
        className="fas fa-search"
        id="icon"
        onClick={[Function]}
      />
    </span>
  </div>
  <input
    autoFocus={true}
    className="form-control searchInput"
    id="input"
    onChange={[Function]}
    onKeyUp={[Function]}
    type="text"
  />
</div>
`;
