// Jest Snapshot v1, https://goo.gl/fbAQLP

exports[`Widget component should render properly 1`] = `
<article
  className="jumbotron jumbotron-fluid testClass"
  onClick={[Function]}
>
  <label>
    Test
  </label>
  <h1
    className="display-4"
    id="title"
  >
    titleLabel
  </h1>
  <p
    className="lead"
    id="text"
  >
    textLabel
  </p>
</article>
`;
