// Jest Snapshot v1, https://goo.gl/fbAQLP

exports[`alert component should render correctly 1`] = `
<BrowserRouter>
  <Switch>
    <Route
      exact={true}
      path="/"
      render={[Function]}
    />
    <Route
      path="/artists"
      render={[Function]}
    />
    <Route
      path="/albums"
      render={[Function]}
    />
    <Route
      path="/tracks"
      render={[Function]}
    />
  </Switch>
</BrowserRouter>
`;
